

            1EADCB5C042E5B66: Test Salt Master (test key)
            1EADCB5C042E5B66: Test Salt Master (test key)
            1EADCB5C042E5B66: Test Salt Master (test key)
        1EADCB5C042E5B66: Test Salt Master (test key)
        1EADCB5C042E5B66: Test Salt Master (test key)
        1EADCB5C042E5B66: Test Salt Master (test key)
        1EADCB5C042E5B66: Test Salt Master (test key)
        1EADCB5C042E5B66: Test Salt Master (test key)
        a.multi-line.example: |
        barney: |
        fred: |
      - |
      - |
      - |
    1EADCB5C042E5B66: Test Salt Master (test key)
    1EADCB5C042E5B66: Test Salt Master (test key)
    1EADCB5C042E5B66: Test Salt Master (test key)
    1EADCB5C042E5B66: Test Salt Master (test key)
    api_key: |
    flinstones:
    is:
    list:
    password: |
  - |
  - |
  - |
key: |
list:
secure_vars:
stuff:
sub:
this: