





      3DDD0BE7FBB6E40C: Test Salt Master (test key)
      3DDD0BE7FBB6E40C: Test Salt Master (test key)
      3DDD0BE7FBB6E40C: Test Salt Master (test key)
    3DDD0BE7FBB6E40C: Test Salt Master (test key)
    3DDD0BE7FBB6E40C: Test Salt Master (test key)
    3DDD0BE7FBB6E40C: Test Salt Master (test key)
    3DDD0BE7FBB6E40C: Test Salt Master (test key)
    3DDD0BE7FBB6E40C: Test Salt Master (test key)
    3DDD0BE7FBB6E40C: Test Salt Master (test key)
    3DDD0BE7FBB6E40C: Test Salt Master (test key)
    3DDD0BE7FBB6E40C: Test Salt Master (test key)
    3DDD0BE7FBB6E40C: Test Salt Master (test key)
    3DDD0BE7FBB6E40C: Test Salt Master (test key)
    3DDD0BE7FBB6E40C: Test Salt Master (test key)
    3DDD0BE7FBB6E40C: Test Salt Master (test key)
    3DDD0BE7FBB6E40C: Test Salt Master (test key)
    3DDD0BE7FBB6E40C: Test Salt Master (test key)
    3DDD0BE7FBB6E40C: Test Salt Master (test key)
    a.multi-line.example: |
    barney: |
    fred: |
  - |
  - |
  - |
  3DDD0BE7FBB6E40C: Test Salt Master (test key)
  3DDD0BE7FBB6E40C: Test Salt Master (test key)
  3DDD0BE7FBB6E40C: Test Salt Master (test key)
  3DDD0BE7FBB6E40C: Test Salt Master (test key)
  3DDD0BE7FBB6E40C: Test Salt Master (test key)
  aaa: |
  api_key: |
  bar: |
  bar: |
  bar: |
  baz: |
  bbb: |
  flinstones:
  foo: |
  foo: |
  foo: |
  is:
  list:
  password: |
  zzz: |
- |
- |
- |
/Users/ed.silva/gocode/src/github.com/Everbridge/generate-secure-pillar/testdata/new.sls:
/Users/ed.silva/gocode/src/github.com/Everbridge/generate-secure-pillar/testdata/test.sls:
/Users/ed.silva/gocode/src/github.com/Everbridge/generate-secure-pillar/testdata/test/bar.sls:
/Users/ed.silva/gocode/src/github.com/Everbridge/generate-secure-pillar/testdata/test/baz.sls:
/Users/ed.silva/gocode/src/github.com/Everbridge/generate-secure-pillar/testdata/test/foo.sls:
bar:
foo: |
key: |
level=warning msg="testdata/inc.sls contains include directives"
list:
secure_vars:
secure_vars:
secure_vars:
secure_vars:
secure_vars:
stuff:
sub:
this: