            1EADCB5C042E5B66: Test Salt Master (test key)
            1EADCB5C042E5B66: Test Salt Master (test key)
            1EADCB5C042E5B66: Test Salt Master (test key)
        1EADCB5C042E5B66: Test Salt Master (test key)
        1EADCB5C042E5B66: Test Salt Master (test key)
        1EADCB5C042E5B66: Test Salt Master (test key)
        1EADCB5C042E5B66: Test Salt Master (test key)
        1EADCB5C042E5B66: Test Salt Master (test key)
        1EADCB5C042E5B66: Test Salt Master (test key)
        1EADCB5C042E5B66: Test Salt Master (test key)
        1EADCB5C042E5B66: Test Salt Master (test key)
        1EADCB5C042E5B66: Test Salt Master (test key)
        1EADCB5C042E5B66: Test Salt Master (test key)
        1EADCB5C042E5B66: Test Salt Master (test key)
        1EADCB5C042E5B66: Test Salt Master (test key)
        1EADCB5C042E5B66: Test Salt Master (test key)
        1EADCB5C042E5B66: Test Salt Master (test key)
        1EADCB5C042E5B66: Test Salt Master (test key)
        1EADCB5C042E5B66: Test Salt Master (test key)
        a.multi-line.example: |
        barney: |
        fred: |
      - |
      - |
      - |
    1EADCB5C042E5B66: Test Salt Master (test key)
    1EADCB5C042E5B66: Test Salt Master (test key)
    1EADCB5C042E5B66: Test Salt Master (test key)
    1EADCB5C042E5B66: Test Salt Master (test key)
    1EADCB5C042E5B66: Test Salt Master (test key)
    1EADCB5C042E5B66: Test Salt Master (test key)
    1EADCB5C042E5B66: Test Salt Master (test key)
    aaa: |
    api_key: |
    bar: |
    bar: |
    bar: |
    baz: |
    baz: |
    bbb: |
    flinstones:
    foo: |
    foo: |
    foo: |
    is:
    list:
    password: |
    zzz: |
  - |
  - |
  - |
/Users/ed.silva/gocode/src/github.com/Everbridge/generate-secure-pillar/testdata/new.sls:
/Users/ed.silva/gocode/src/github.com/Everbridge/generate-secure-pillar/testdata/test.sls:
/Users/ed.silva/gocode/src/github.com/Everbridge/generate-secure-pillar/testdata/test/bar.sls:
/Users/ed.silva/gocode/src/github.com/Everbridge/generate-secure-pillar/testdata/test/baz.sls:
/Users/ed.silva/gocode/src/github.com/Everbridge/generate-secure-pillar/testdata/test/foo.sls:
/Users/ed.silva/gocode/src/github.com/Everbridge/generate-secure-pillar/testdata/test/simple.sls:
bar:
foo: |
key: |
level=warning msg="testdata/inc.sls contains include directives"
list:
secure_vars:
secure_vars:
secure_vars:
secure_vars:
secure_vars:
stuff:
stuff: |
sub:
this:
username: |